tile.piston.in=options.volume_piston
tile.piston.out=options.volume_piston
ambient.weather.rain=options.volume_rain
random.splash=options.volume_splash
liquid.splash=options.volume_splash
liquid.swim=options.volume_water
liquid.water=options.volume_water
random.door_open=options.volume_door
random.door_close=options.volume_door
random.chestopen=options.volume_door
random.chestclosed=options.volume_door
random.explode=options.volume_explode 
random.bow=options.volume_bow 
portal.portal=options.volume_portal 
random.eat=options.volume_eatdrink 
random.drink=options.volume_eatdrink 
# 5.4
dig.cloth=options.volume_dig 
dig.grass=options.volume_dig 
dig.gravel=options.volume_dig 
dig.sand=options.volume_dig 
dig.snow=options.volume_dig 
dig.stone=options.volume_dig 
dig.wood=options.volume_dig 

step.cloth=options.volume_step 
step.grass=options.volume_step 
step.gravel=options.volume_step 
step.sand=options.volume_step 
step.snow=options.volume_step 
step.stone=options.volume_step 
step.wood=options.volume_step 
step.ladder=options.volume_step 

damage.fallbig=options.volume_hit 
damage.fallsmall=options.volume_hit 
damage.hit=options.volume_hit 

mob.slime.attack=options.volume_slime 
mob.slime.big=options.volume_slime 
mob.slime.small=options.volume_slime 

mob.chicken.plop=options.volume_animals 
mob.chicken.step=options.volume_animals 
mob.chicken.say=options.volume_animals 
mob.chicken.hurt=options.volume_animals 
mob.cow.step=options.volume_animals 
mob.cow.hurt=options.volume_animals 
mob.cow.say=options.volume_animals 
mob.pig.step=options.volume_animals 
mob.pig.say=options.volume_animals 
mob.pig.death=options.volume_animals 
mob.sheep.step=options.volume_animals 
mob.sheep.sheer=options.volume_animals 
mob.sheep.say=options.volume_animals 
mob.wolf.step=options.volume_animals 
mob.wolf.shake=options.volume_animals 
mob.wolf.bark=options.volume_animals 
mob.wolf.death=options.volume_animals 
mob.wolf.growl=options.volume_animals 
mob.wolf.howl=options.volume_animals 
mob.wolf.hurt=options.volume_animals 
mob.wolf.panting=options.volume_animals 
mob.wolf.whine=options.volume_animals 
mob.cat.hitt=options.volume_animals 
mob.cat.meow=options.volume_animals 
mob.cat.purr=options.volume_animals 
mob.cat.hiss=options.volume_animals 
mob.cat.purreow=options.volume_animals 
